683
925
953
1291
594
1075
752
1200
457
285
463
637
564
1208
820
964
1086
384
276
832
756
959
1028
524
451
828
539
974
1002
1015
608
442
550
970
286
538
342
1382
741
777
688
950
570
1126
896
402
909
664
1235
684
